// Jest Snapshot v1, https://goo.gl/fbAQLP

exports[`MessageSender renders correctly 1`] = `
<DocumentFragment>
  <div
    class="MuiBox-root MuiBox-root-10 makeStyles-messageSender-1"
  >
    <div
      class="MuiBox-root MuiBox-root-11 makeStyles-messageSenderTop-2"
    >
      <div
        class="MuiAvatar-root MuiAvatar-circle MuiAvatar-colorDefault"
      >
        <svg
          aria-hidden="true"
          class="MuiSvgIcon-root MuiAvatar-fallback"
          focusable="false"
          viewBox="0 0 24 24"
        >
          <path
            d="M12 12c2.21 0 4-1.79 4-4s-1.79-4-4-4-4 1.79-4 4 1.79 4 4 4zm0 2c-2.67 0-8 1.34-8 4v2h16v-2c0-2.66-5.33-4-8-4z"
          />
        </svg>
      </div>
      <form
        action=""
        class="makeStyles-form-6"
      >
        <input
          class="makeStyles-messageSenderInput-4 makeStyles-inputField-7"
          placeholder="What's on your mind undefined ?"
          type="text"
          value=""
        />
        <input
          class="makeStyles-inputField-7"
          placeholder="Image URL (Optional)"
          type="text"
          value=""
        />
        <button
          class="makeStyles-btn-8"
          type="submit"
        >
          Post
        </button>
      </form>
    </div>
    <div
      class="MuiBox-root MuiBox-root-12 makeStyles-messageSenderBottom-3"
    >
      <div
        class="MuiBox-root MuiBox-root-13 makeStyles-messageSenderOption-5"
      >
        <svg
          color="#ff0000"
          fill="currentColor"
          height="24"
          size="24"
          stroke="currentColor"
          stroke-width="0"
          style="color: rgb(255, 0, 0);"
          viewBox="0 0 24 24"
          width="24"
          xmlns="http://www.w3.org/2000/svg"
        >
          <path
            d="M17 10.5V7c0-.55-.45-1-1-1H4c-.55 0-1 .45-1 1v10c0 .55.45 1 1 1h12c.55 0 1-.45 1-1v-3.5l4 4v-11l-4 4z"
          />
        </svg>
        <p
          class="MuiTypography-root makeStyles-text-9 MuiTypography-body1"
        >
          Live video
        </p>
      </div>
      <div
        class="MuiBox-root MuiBox-root-14 makeStyles-messageSenderOption-5"
      >
        <svg
          color="#ff0000"
          fill="currentColor"
          height="24"
          size="24"
          stroke="currentColor"
          stroke-width="0"
          style="color: rgb(255, 0, 0);"
          viewBox="0 0 24 24"
          width="24"
          xmlns="http://www.w3.org/2000/svg"
        >
          <path
            d="M22 16V4c0-1.1-.9-2-2-2H8c-1.1 0-2 .9-2 2v12c0 1.1.9 2 2 2h12c1.1 0 2-.9 2-2zm-11-4l2.03 2.71L16 11l4 5H8l3-4zM2 6v14c0 1.1.9 2 2 2h14v-2H4V6H2z"
          />
        </svg>
        <p
          class="MuiTypography-root makeStyles-text-9 MuiTypography-body1"
        >
          Photo/Video
        </p>
      </div>
      <div
        class="MuiBox-root MuiBox-root-15 makeStyles-messageSenderOption-5"
      >
        <svg
          color="#ff0000"
          fill="currentColor"
          height="24"
          size="24"
          stroke="currentColor"
          stroke-width="0"
          style="color: rgb(255, 0, 0);"
          viewBox="0 0 24 24"
          width="24"
          xmlns="http://www.w3.org/2000/svg"
        >
          <path
            d="M11.99 2C6.47 2 2 6.48 2 12s4.47 10 9.99 10C17.52 22 22 17.52 22 12S17.52 2 11.99 2zM12 20c-4.42 0-8-3.58-8-8s3.58-8 8-8 8 3.58 8 8-3.58 8-8 8zm3.5-9c.83 0 1.5-.67 1.5-1.5S16.33 8 15.5 8 14 8.67 14 9.5s.67 1.5 1.5 1.5zm-7 0c.83 0 1.5-.67 1.5-1.5S9.33 8 8.5 8 7 8.67 7 9.5 7.67 11 8.5 11zm3.5 6.5c2.33 0 4.31-1.46 5.11-3.5H6.89c.8 2.04 2.78 3.5 5.11 3.5z"
          />
        </svg>
        <p
          class="MuiTypography-root makeStyles-text-9 MuiTypography-body1"
        >
          Feeling/Activity
        </p>
      </div>
    </div>
  </div>
</DocumentFragment>
`;
